[bridgetrade.co.uk/home.html]
[backblue.gif]
[fade.gif]
[index.html]
[bridgetrade.co.uk/assets/images/favicon.ico]
[bridgetrade.co.uk/assets/images/apple-touch-icon.png]
[bridgetrade.co.uk/assets/images/apple-touch-icon-72x72.png]
[bridgetrade.co.uk/assets/images/apple-touch-icon-114x114.png]
[bridgetrade.co.uk/assets/css/vendor/bootstrap.min.css]
[bridgetrade.co.uk/assets/css/vendor/slider.min.css]
[bridgetrade.co.uk/assets/css/main.css]
[bridgetrade.co.uk/assets/css/vendor/icons.min.css]
[bridgetrade.co.uk/assets/css/vendor/icons-fa.min.css]
[bridgetrade.co.uk/assets/css/vendor/animation.min.css]
[bridgetrade.co.uk/assets/css/vendor/gallery.min.css]
[bridgetrade.co.uk/assets/css/default.css]
[bridgetrade.co.uk/assets/images/bg-1.jpg]
[bridgetrade.co.uk/index.html]
[bridgetrade.co.uk/wealth-planning.html]
[bridgetrade.co.uk/trust-and-fiduciary.html]
[bridgetrade.co.uk/esg-responsible-investing.html]
[bridgetrade.co.uk/investments-management.html]
[bridgetrade.co.uk/private-banking.html]
[bridgetrade.co.uk/whole-life-insurance.html]
[bridgetrade.co.uk/universal-life-insurance.html]
[bridgetrade.co.uk/term-life-insurance.html]
[bridgetrade.co.uk/disability-doctors-dentists.html]
[bridgetrade.co.uk/assets/legal/prospectus.html]
[bridgetrade.co.uk/PWS_INSIDER_TRADING_POLICY.pdf]
[bridgetrade.co.uk/assets/legal/certificate-of-incorporation.html]
[bridgetrade.co.uk/brokerage-accounts-services.html]
[bridgetrade.co.uk/private-wealth-management.html]
[bridgetrade.co.uk/investment-advisory-services.html]
[bridgetrade.co.uk/fixed-variable-services.html]
[bridgetrade.co.uk/private-client-services.html]
[bridgetrade.co.uk/pwmloans.html]
[bridgetrade.co.uk/assets/videos/city.mp4]
[bridgetrade.co.uk/www.livecoinwatch.com/static/lcw-widget.js]
[bridgetrade.co.uk/forex.html]
[bridgetrade.co.uk/subscriptiontrade.html]
[bridgetrade.co.uk/assets/images/about-3.jpg]
[s3.tradingview.com/external-embedding/embed-widget-financials.js]
[bridgetrade.co.uk/about-us.html]
[bridgetrade.co.uk/financial-information.html]
[bridgetrade.co.uk/Careers.html]
[bridgetrade.co.uk/Cookies.html]
[bridgetrade.co.uk/Environmental-social-governance.html]
[bridgetrade.co.uk/Social-Media-Guidelines.html]
[bridgetrade.co.uk/Terms_of_Use.pdf]
[bridgetrade.co.uk/Privacy_Statement.pdf]
[bridgetrade.co.uk/Accessibility_.36.delayed]
[bridgetrade.co.uk/Information_Protection.pdf]
[bridgetrade.co.uk/www.google.com/recaptcha/api95169516.js]
[bridgetrade.co.uk/assets/js/vendor/jquery.min.js]
[bridgetrade.co.uk/assets/js/vendor/jquery.easing.min.js]
[bridgetrade.co.uk/assets/js/vendor/jquery.inview.min.js]
[bridgetrade.co.uk/assets/js/vendor/popper.min.js]
[bridgetrade.co.uk/assets/js/vendor/bootstrap.min.js]
[bridgetrade.co.uk/assets/js/vendor/ponyfill.min.js]
[bridgetrade.co.uk/assets/js/vendor/slider.min.js]
[bridgetrade.co.uk/assets/js/vendor/animation.min.js]
[bridgetrade.co.uk/assets/js/vendor/progress-radial.min.js]
[bridgetrade.co.uk/assets/js/vendor/bricklayer.min.js]
[bridgetrade.co.uk/assets/js/vendor/gallery.min.js]
[bridgetrade.co.uk/assets/js/vendor/shuffle.min.js]
[bridgetrade.co.uk/assets/js/vendor/cookie-notice.min.js]
[bridgetrade.co.uk/assets/js/vendor/particles.min.js]
[bridgetrade.co.uk/assets/js/main.js]
[bridgetrade.co.uk/home.html]
[bridgetrade.co.uk/assets/css/vendor/bootstrap.min.css]
[bridgetrade.co.uk/assets/css/vendor/slider.min.css]
[bridgetrade.co.uk/assets/textures/bullets.png]
[bridgetrade.co.uk/assets/css/main.css]
[bridgetrade.co.uk/assets/fonts/icons/Icons-Lineb26cb26c.eot]
[bridgetrade.co.uk/assets/fonts/icons/Icons-Lineb26cb26c.woff2]
[bridgetrade.co.uk/assets/fonts/icons/Icons-Lineb26cb26c.ttf]
[bridgetrade.co.uk/assets/fonts/icons/Icons-Lineb26cb26c.woff]
[bridgetrade.co.uk/assets/fonts/icons/Icons-Lineb26cb26c.html]
[bridgetrade.co.uk/assets/css/vendor/icons.min.css]
[bridgetrade.co.uk/assets/fonts/icons-fa/fa-brands-400.eot]
[bridgetrade.co.uk/assets/fonts/icons-fa/fa-brands-400d41dd41d.eot]
[bridgetrade.co.uk/assets/fonts/icons-fa/fa-brands-400.woff2]
[bridgetrade.co.uk/assets/fonts/icons-fa/fa-brands-400.woff]
[bridgetrade.co.uk/assets/fonts/icons-fa/fa-brands-400.ttf]
[bridgetrade.co.uk/assets/fonts/icons-fa/fa-regular-400.eot]
[bridgetrade.co.uk/assets/fonts/icons-fa/fa-brands-400.svg]
[bridgetrade.co.uk/assets/fonts/icons-fa/fa-regular-400d41dd41d.eot]
[bridgetrade.co.uk/assets/fonts/icons-fa/fa-regular-400.woff2]
[bridgetrade.co.uk/assets/fonts/icons-fa/fa-regular-400.woff]
[bridgetrade.co.uk/assets/fonts/icons-fa/fa-regular-400.ttf]
[bridgetrade.co.uk/assets/fonts/icons-fa/fa-regular-400.svg]
[bridgetrade.co.uk/assets/fonts/icons-fa/fa-solid-900.eot]
[bridgetrade.co.uk/assets/fonts/icons-fa/fa-solid-900.woff2]
[bridgetrade.co.uk/assets/fonts/icons-fa/fa-solid-900d41dd41d.eot]
[bridgetrade.co.uk/assets/fonts/icons-fa/fa-solid-900.woff]
[bridgetrade.co.uk/assets/fonts/icons-fa/fa-solid-900.ttf]
[bridgetrade.co.uk/assets/css/vendor/icons-fa.min.css]
[bridgetrade.co.uk/assets/css/vendor/animation.min.css]
[bridgetrade.co.uk/assets/fonts/gallery/Galleryd641d641.eot]
[bridgetrade.co.uk/assets/fonts/icons-fa/fa-solid-900.svg]
[bridgetrade.co.uk/assets/fonts/gallery/Galleryd41dd41d.eot]
[bridgetrade.co.uk/assets/fonts/gallery/Galleryd641d641.woff]
[bridgetrade.co.uk/assets/fonts/gallery/Galleryd641d641.ttf]
[bridgetrade.co.uk/assets/fonts/gallery/Galleryd641d641.svg]
[bridgetrade.co.uk/assets/images/loading.gif]
[bridgetrade.co.uk/assets/css/vendor/gallery.min.css]
[bridgetrade.co.uk/assets/css/default.css]
[bridgetrade.co.uk/index.html]
[bridgetrade.co.uk/our-financial-strength.html]
[bridgetrade.co.uk/social-event.html]
[bridgetrade.co.uk/environmental-report.html]
[bridgetrade.co.uk/wealth-management.html]
[bridgetrade.co.uk/financial-advisory.html]
[bridgetrade.co.uk/trust-fiduciary.html]
[bridgetrade.co.uk/ESG-investing.html]
[bridgetrade.co.uk/wealth-planning.html]
[bridgetrade.co.uk/v.html]
[bridgetrade.co.uk/assets/images/logom.png]
[bridgetrade.co.uk/private-wealth-services.html]
[bridgetrade.co.uk/assets/images/fiduciary-1.jpg]
[bridgetrade.co.uk/banking-and-custody.html]
[bridgetrade.co.uk/careers-2.html]
[bridgetrade.co.uk/trust-and-fiduciary.html]
[bridgetrade.co.uk/social-media.html]
[bridgetrade.co.uk/assets/images/fiduciary-3.jpg]
[bridgetrade.co.uk/esg-responsible-investing.html]
[bridgetrade.co.uk/assets/images/investing-1.jpg]
[bridgetrade.co.uk/investments-management.html]
[bridgetrade.co.uk/assets/images/bgg-1.jpg]
[bridgetrade.co.uk/assets/images/bgg-wide.jpg]
[bridgetrade.co.uk/home/index.html]
[bridgetrade.co.uk/private-banking.html]
[bridgetrade.co.uk/whole-life-insurance.html]
[bridgetrade.co.uk/universal-life-insurance.html]
[bridgetrade.co.uk/term-life-insurance.html]
[bridgetrade.co.uk/disability-doctors-dentists.html]
[bridgetrade.co.uk/disability-individuals.html]
[bridgetrade.co.uk/assets/legal/prospectus.html]
[bridgetrade.co.uk/assets/legal/certificate-of-incorporation.html]
[bridgetrade.co.uk/brokerage-accounts-services.html]
[bridgetrade.co.uk/private-wealth-management.html]
[bridgetrade.co.uk/investment-advisory-services.html]
[bridgetrade.co.uk/fixed-variable-services.html]
[bridgetrade.co.uk/private-client-services.html]
[bridgetrade.co.uk/part-text-block.html]
[bridgetrade.co.uk/part-card.html]
[bridgetrade.co.uk/part-image-gallery.html]
[bridgetrade.co.uk/part-image-block.html]
[bridgetrade.co.uk/part-video-gallery.html]
[bridgetrade.co.uk/part-person.html]
[bridgetrade.co.uk/part-carousel.html]
[bridgetrade.co.uk/part-counter.html]
[bridgetrade.co.uk/assets/images/bg-wide34.jpg]
[bridgetrade.co.uk/assets/images/loanss-1.jpg]
[bridgetrade.co.uk/pwmloans.html]
[bridgetrade.co.uk/www.livecoinwatch.com/static/lcw-widget.js]
[static.elfsight.com/platform/platform.js]
[bridgetrade.co.uk/quantifycrypto.com/widgets/marquee/js/qc-price-ticker-widget.js]
[bridgetrade.co.uk/cdn.jsdelivr.net/gh/dejurin/crypto-converter-widget@1.5.2/dist/latest.min.js]
[bridgetrade.co.uk/quantifycrypto.com/widgets/grid/js/qc-grid-widget.js]
[bridgetrade.co.uk/forex.html]
[bridgetrade.co.uk/www.cashbackforex.com/Content/remote/remote-widgets.js]
[bridgetrade.co.uk/assets/images/step1.jpg]
[bridgetrade.co.uk/assets/images/Step2.jpg]
[bridgetrade.co.uk/assets/images/Step3.jpg]
[bridgetrade.co.uk/assets/images/metatrader.jpg]
[bridgetrade.co.uk/subscriptiontrade.html]
[bridgetrade.co.uk/about-us.html]
[bridgetrade.co.uk/assets/images/financial-1.jpg]
[bridgetrade.co.uk/financial-information.html]
[bridgetrade.co.uk/assets/images/career-1.jpg]
[bridgetrade.co.uk/Careers.html]
[bridgetrade.co.uk/Cookies.html]
[bridgetrade.co.uk/assets/images/esgg-3.jpg]
[bridgetrade.co.uk/assets/images/esgg-67.jpg]
[bridgetrade.co.uk/about-us-2.html]
[bridgetrade.co.uk/Social-Media-Guidelines-2.html]
[bridgetrade.co.uk/Environmental-social-governance.html]
[bridgetrade.co.uk/Social-Media-Guidelines.html]
[bridgetrade.co.uk/Accessibility_.html]
[bridgetrade.co.uk/www.google.com/recaptcha/api95169516.js]
[bridgetrade.co.uk/assets/js/vendor/jquery.min.js]
[bridgetrade.co.uk/assets/js/vendor/jquery.easing.min.js]
[bridgetrade.co.uk/assets/js/vendor/jquery.inview.min.js]
[bridgetrade.co.uk/assets/js/vendor/popper.min.js]
[bridgetrade.co.uk/popper.html]
[bridgetrade.co.uk/assets/js/vendor/bootstrap.min.js]
[bridgetrade.co.uk/assets/js/vendor/ponyfill.min.js]
[bridgetrade.co.uk/GET.html]
[bridgetrade.co.uk/Trident/index.html]
[bridgetrade.co.uk/Edge/index.html]
[bridgetrade.co.uk/Gecko/index.html]
[bridgetrade.co.uk/Firefox/index.html]
[bridgetrade.co.uk/Version/index.html]
[bridgetrade.co.uk/version/index-2.html]
[bridgetrade.co.uk/assets/js/vendor/slider.min.js]
[bridgetrade.co.uk/assets/js/vendor/animation.min.js]
[bridgetrade.co.uk/dist/index.html]
[bridgetrade.co.uk/assets/js/vendor/progress-radial.min.js]
[bridgetrade.co.uk/assets/js/vendor/bricklayer.min.js]
[bridgetrade.co.uk/assets/js/vendor/gallery.min.js]
[bridgetrade.co.uk/assets/js/vendor/shuffle.min.js]
[bridgetrade.co.uk/bar.html]
[bridgetrade.co.uk/modal.html]
[bridgetrade.co.uk/assets/js/vendor/cookie-notice.min.js]
[bridgetrade.co.uk/category.html]
[bridgetrade.co.uk/assets/js/vendor/particles.min.js]
[bridgetrade.co.uk/assets/js/main.js]
[bridgetrade.co.uk/assets/fonts/icons/Icons-Lineb26cb26c.html]
[bridgetrade.co.uk/Error pJS - No image.html]
[bridgetrade.co.uk/assets/fonts/icons-fa/fa-brands-400.svg]
[bridgetrade.co.uk/assets/fonts/icons-fa/fa-regular-400.svg]
[bridgetrade.co.uk/assets/fonts/icons-fa/fa-solid-900.svg]
[bridgetrade.co.uk/assets/fonts/gallery/Galleryd641d641.svg]
[bridgetrade.co.uk/our-financial-strength.html]
[bridgetrade.co.uk/social-event.html]
[bridgetrade.co.uk/environmental-report.html]
[bridgetrade.co.uk/wealth-management.html]
[bridgetrade.co.uk/financial-advisory.html]
[bridgetrade.co.uk/trust-fiduciary.html]
[bridgetrade.co.uk/ESG-investing.html]
[bridgetrade.co.uk/v.html]
[bridgetrade.co.uk/private-wealth-services.html]
[bridgetrade.co.uk/assets/css/vendor/cookie-notice.min.css]
[bridgetrade.co.uk/assets/images/bg-wide.jpg]
[bridgetrade.co.uk/working-with-an-advisor.html]
[bridgetrade.co.uk/banking-and-custody.html]
[bridgetrade.co.uk/careers-2.html]
[bridgetrade.co.uk/social-media.html]
[bridgetrade.co.uk/home/index.html]
[bridgetrade.co.uk/assets/images/fiduciary-1.jpg]
[bridgetrade.co.uk/assets/images/bank-2.jpg]
[bridgetrade.co.uk/assets/images/bank-1.jpg]
[bridgetrade.co.uk/assets/images/bank-3.jpg]
[bridgetrade.co.uk/assets/images/insurance-1.jpg]
[bridgetrade.co.uk/assets/images/insurance-2.jpg]
[bridgetrade.co.uk/assets/images/insurance-3.jpg]
[bridgetrade.co.uk/assets/images/disability-1.jpg]
[bridgetrade.co.uk/disability-individuals.html]
[bridgetrade.co.uk/assets/images/disability-2.jpg]
[bridgetrade.co.uk/long-term-care.html]
[bridgetrade.co.uk/income-annuities.html]
[bridgetrade.co.uk/htdocs_error/style.css]
[bridgetrade.co.uk/htdocs_error/something-lost.png]
[www.google-analytics.com/analytics.js]
[bridgetrade.co.uk/assets/legal/privacy-policy.html]
[bridgetrade.co.uk/assets/images/brokerage-1.jpg]
[maxcdn.bootstrapcdn.com/bootstrap/3.3.7/css/bootstrap.min.css]
[bridgetrade.co.uk/assets/images/wealthmanagement-1.jpg]
[bridgetrade.co.uk/assets/images/privateclient-1.jpg]
[bridgetrade.co.uk/assets/images/wealthmanagement5-1.jpg]
[bridgetrade.co.uk/assets/images/fixedvariables-1.jpg]
[bridgetrade.co.uk/part-section.html]
[bridgetrade.co.uk/home-2.html]
[bridgetrade.co.uk/home-1.html]
[bridgetrade.co.uk/home-3.html]
[bridgetrade.co.uk/home-4.html]
[bridgetrade.co.uk/home-5.html]
[bridgetrade.co.uk/home-6.html]
[bridgetrade.co.uk/home-7.html]
[bridgetrade.co.uk/home-8.html]
[bridgetrade.co.uk/home-9.html]
[bridgetrade.co.uk/home-10.html]
[bridgetrade.co.uk/home-11.html]
[bridgetrade.co.uk/home-1-one-page.html]
[bridgetrade.co.uk/home-2-one-page.html]
[bridgetrade.co.uk/home-3-one-page.html]
[bridgetrade.co.uk/home-4-one-page.html]
[bridgetrade.co.uk/home-5-one-page.html]
[bridgetrade.co.uk/home-6-one-page.html]
[bridgetrade.co.uk/home-7-one-page.html]
[bridgetrade.co.uk/home-8-one-page.html]
[bridgetrade.co.uk/home-9-one-page.html]
[bridgetrade.co.uk/home-10-one-page.html]
[bridgetrade.co.uk/page-about-1.html]
[bridgetrade.co.uk/page-about-2.html]
[bridgetrade.co.uk/page-services-1.html]
[bridgetrade.co.uk/page-single-service-1.html]
[bridgetrade.co.uk/page-single-service-2.html]
[bridgetrade.co.uk/page-projects-1.html]
[bridgetrade.co.uk/page-single-project-1.html]
[bridgetrade.co.uk/page-pricing-table-1.html]
[bridgetrade.co.uk/page-our-people-1.html]
[bridgetrade.co.uk/page-testimonials-1.html]
[bridgetrade.co.uk/page-partners-1.html]
[bridgetrade.co.uk/page-contact-1.html]
[bridgetrade.co.uk/page-contact-2.html]
[bridgetrade.co.uk/page-search-1.html]
[bridgetrade.co.uk/page-404-1.html]
[bridgetrade.co.uk/page-blog-1.html]
[bridgetrade.co.uk/page-blog-2.html]
[bridgetrade.co.uk/page-single-post-1.html]
[bridgetrade.co.uk/part-text-block.html]
[bridgetrade.co.uk/part-card.html]
[bridgetrade.co.uk/assets/images/project-1.jpg]
[bridgetrade.co.uk/assets/images/project-2.jpg]
[bridgetrade.co.uk/assets/images/project-3.jpg]
[bridgetrade.co.uk/assets/images/project-4.jpg]
[bridgetrade.co.uk/assets/images/project-5.jpg]
[bridgetrade.co.uk/assets/images/project-6.jpg]
[bridgetrade.co.uk/part-image-gallery.html]
[bridgetrade.co.uk/part-image-block.html]
[bridgetrade.co.uk/assets/images/video-1.jpg]
[bridgetrade.co.uk/part-video-gallery.html]
[bridgetrade.co.uk/assets/images/team-1.jpg]
[bridgetrade.co.uk/assets/images/team-2.jpg]
[bridgetrade.co.uk/assets/images/team-3.jpg]
[bridgetrade.co.uk/assets/images/team-4.jpg]
[bridgetrade.co.uk/assets/images/bg-8.jpg]
[bridgetrade.co.uk/part-person.html]
[bridgetrade.co.uk/part-carousel.html]
[bridgetrade.co.uk/part-counter.html]
[bridgetrade.co.uk/quantifycrypto.com/widgets/marquee/js/qc-price-ticker-widget.js]
[bridgetrade.co.uk/edge/index-2.html]
[bridgetrade.co.uk/cdn.jsdelivr.net/gh/dejurin/crypto-converter-widget@1.5.2/dist/latest.min.js]
[bridgetrade.co.uk/index-2.html]
[bridgetrade.co.uk/GET.e8.delayed]
[bridgetrade.co.uk/quantifycrypto.com/widgets/grid/js/qc-grid-widget.js]
[bridgetrade.co.uk/www.cashbackforex.com/Content/remote/remote-widgets.js]
[bridgetrade.co.uk/assets/images/step1.html]
[bridgetrade.co.uk/about-us-2.html]
[bridgetrade.co.uk/Social-Media-Guidelines-2.html]
[www.gstatic.com/recaptcha/releases/CHIHFAf1bjFPOjwwi5Xa4cWR/recaptcha__en.html]
[bridgetrade.co.uk/popper.html]
[bridgetrade.co.uk/GET.html]
[bridgetrade.co.uk/Trident/index.html]
[bridgetrade.co.uk/Edge/index.html]
[bridgetrade.co.uk/Gecko/index.html]
[bridgetrade.co.uk/Firefox/index.html]
[bridgetrade.co.uk/Version/index.html]
[bridgetrade.co.uk/version/index-2.html]
[bridgetrade.co.uk/dist/index.html]
[bridgetrade.co.uk/bar.html]
[bridgetrade.co.uk/modal.html]
[bridgetrade.co.uk/category.html]
[bridgetrade.co.uk/Error pJS - No image.html]
[bridgetrade.co.uk/assets/css/vendor/cookie-notice.min.css]
[code.tidio.co_443/n67aaiewrqpt31vkwv8hgu54sse3rxee.js]
[bridgetrade.co.uk/working-with-an-advisor.html]
[bridgetrade.co.uk/market-commentary.html]
[bridgetrade.co.uk/assets/images/longterm-1.jpg]
[bridgetrade.co.uk/long-term-care.html]
[bridgetrade.co.uk/assets/images/annuities-1.jpg]
[bridgetrade.co.uk/income-annuities.html]
[bridgetrade.co.uk/htdocs_error/style.css]
[maxcdn.bootstrapcdn.com/bootstrap/3.3.7/css/bootstrap.min.css]
[bridgetrade.co.uk/assets/legal/privacy-policy.html]
[bridgetrade.co.uk/s3.tradingview.com/external-embedding/embed-widget-financials.js]
[bridgetrade.co.uk/softcapital.com/widget/widget.js]
[bridgetrade.co.uk/i.pinimg.com/280x280_RS/65/8a/29/658a29b7fca26068ca38e8f021d4a47c.jpg]
[bridgetrade.co.uk/home-2.html]
[bridgetrade.co.uk/assets/images/bg-7.jpg]
[bridgetrade.co.uk/part-section.html]
[bridgetrade.co.uk/home-1.html]
[bridgetrade.co.uk/home-3.html]
[bridgetrade.co.uk/home-4.html]
[bridgetrade.co.uk/home-5.html]
[bridgetrade.co.uk/home-6.html]
[bridgetrade.co.uk/home-7.html]
[bridgetrade.co.uk/home-8.html]
[bridgetrade.co.uk/home-9.html]
[bridgetrade.co.uk/home-10.html]
[bridgetrade.co.uk/home-11.html]
[bridgetrade.co.uk/home-1-one-page.html]
[bridgetrade.co.uk/home-2-one-page.html]
[bridgetrade.co.uk/home-3-one-page.html]
[bridgetrade.co.uk/home-4-one-page.html]
[bridgetrade.co.uk/home-5-one-page.html]
[bridgetrade.co.uk/home-6-one-page.html]
[bridgetrade.co.uk/home-7-one-page.html]
[bridgetrade.co.uk/home-8-one-page.html]
[bridgetrade.co.uk/home-9-one-page.html]
[bridgetrade.co.uk/home-10-one-page.html]
[bridgetrade.co.uk/assets/images/logo-1.png]
[bridgetrade.co.uk/assets/images/logo-2.png]
[bridgetrade.co.uk/assets/images/logo-3.png]
[bridgetrade.co.uk/assets/images/logo-4.png]
[bridgetrade.co.uk/assets/images/logo-5.png]
[bridgetrade.co.uk/page-about-1.html]
[bridgetrade.co.uk/assets/videos/building.html]
[bridgetrade.co.uk/assets/images/about-4.jpg]
[bridgetrade.co.uk/page-about-2.html]
[bridgetrade.co.uk/page-services-1.html]
[bridgetrade.co.uk/assets/videos/work.html]
[bridgetrade.co.uk/page-single-service-1.html]
[bridgetrade.co.uk/assets/images/certificate.png]
[bridgetrade.co.uk/page-single-service-2.html]
[bridgetrade.co.uk/page-projects-1.html]
[bridgetrade.co.uk/page-single-project-1.html]
[bridgetrade.co.uk/page-pricing-table-1.html]
[bridgetrade.co.uk/page-our-people-1.html]
[bridgetrade.co.uk/page-testimonials-1.html]
[bridgetrade.co.uk/page-partners-1.html]
[bridgetrade.co.uk/page-contact-1.html]
[bridgetrade.co.uk/page-contact-2.html]
[bridgetrade.co.uk/assets/images/gallery-1.jpg]
[bridgetrade.co.uk/assets/images/gallery-2.jpg]
[bridgetrade.co.uk/assets/images/gallery-3.jpg]
[bridgetrade.co.uk/assets/images/gallery-4.jpg]
[bridgetrade.co.uk/page-search-1.html]
[bridgetrade.co.uk/page-404-1.html]
[bridgetrade.co.uk/assets/images/news-1.jpg]
[bridgetrade.co.uk/assets/images/news-2.jpg]
[bridgetrade.co.uk/assets/images/news-3.jpg]
[bridgetrade.co.uk/assets/images/news-4.jpg]
[bridgetrade.co.uk/assets/images/news-5.jpg]
[bridgetrade.co.uk/page-blog-1.html]
[bridgetrade.co.uk/assets/images/author-1.jpg]
[bridgetrade.co.uk/page-blog-2.html]
[bridgetrade.co.uk/page-single-post-1.html]
[bridgetrade.co.uk/index-2.html]
[bridgetrade.co.uk/edge/index-2.html]
[bridgetrade.co.uk/GET-2.html]
[bridgetrade.co.uk/market-commentary.html]
[bridgetrade.co.uk/t,document.baseURI]
[bridgetrade.co.uk/s3.tradingview.com/external-embedding/embed-widget-financials.js]
[bridgetrade.co.uk/softcapital.com/widget/widget.js]
[bridgetrade.co.uk/assets/videos/building.html]
[bridgetrade.co.uk/assets/videos/work.html]
[bridgetrade.co.uk/t,document.html]
